// Jest Snapshot v1, https://goo.gl/fbAQLP

exports[`should render correctly 1`] = `
<div>
  <h1>
    Create a Blog Post
  </h1>
  <form
    onSubmit={[Function]}
  >
    <label
      htmlFor="title"
    >
      Title: 
    </label>
    <input
      name="title"
      onChange={[Function]}
      type="text"
      value=""
    />
    <br />
    <label
      htmlFor="body"
    >
      Body: 
    </label>
    <TextareaAutosize
      inputRef={[Function]}
      name="body"
      onChange={[Function]}
      onHeightChange={[Function]}
      useCacheForDOMMeasurements={false}
      value=""
    />
    <br />
    <label
      htmlFor="coverPhoto"
    >
      Cover Photo: 
    </label>
    <input
      name="coverPhoto"
      onChange={[Function]}
      placeholder="Image URL (optional)"
      type="text"
      value=""
    />
    <br />
    <button
      type="submit"
    >
      Create Post
    </button>
  </form>
</div>
`;
