// Jest Snapshot v1, https://goo.gl/fbAQLP

exports[`Should render component correctly 1`] = `
<div>
  <h1>
    Login
  </h1>
  <form
    onSubmit={[Function]}
  >
    <label
      htmlFor="email"
    >
      Email: 
    </label>
    <input
      name="email"
      onChange={[Function]}
      type="text"
      value="userone@gmail.com"
    />
    <br />
    <label
      htmlFor="password"
    >
      Password: 
    </label>
    <input
      name="password"
      onChange={[Function]}
      type="password"
      value="userone1"
    />
    <br />
    <button
      type="submit"
    >
      Submit
    </button>
  </form>
</div>
`;
