// Jest Snapshot v1, https://goo.gl/fbAQLP

exports[`Should render component correctly 1`] = `
<div>
  <h1>
    Create An Account
  </h1>
  <form
    onSubmit={[Function]}
  >
    <label
      htmlFor="username"
    >
      Username: 
    </label>
    <input
      name="username"
      onChange={[Function]}
      type="text"
      value=""
    />
    <br />
    <label
      htmlFor="email"
    >
      Email: 
    </label>
    <input
      name="email"
      onChange={[Function]}
      type="text"
      value=""
    />
    <br />
    <label
      htmlFor="password"
    >
      Password: 
    </label>
    <input
      name="password"
      onChange={[Function]}
      type="password"
      value=""
    />
    <br />
    <label
      htmlFor="confirmPassword"
    >
      Confirm Password: 
    </label>
    <input
      name="confirmPassword"
      onChange={[Function]}
      type="password"
      value=""
    />
    <br />
    <button
      type="submit"
    >
      Submit
    </button>
  </form>
</div>
`;
